hidden_dim=1
verification success
{
  "upstream_repo": "https://github.com/ejmichaud/neural-verification",
  "upstream_commit": "680e7d590b046d60e602db1781d01e1c1c474599",
  "task": "rnn_identity_numerical",
  "method": "MIPS integer autoencoder + notebook linear regression",
  "notebooks": [
    "/home/sca63/mips_reproduction/neural-verification/regression/linear_regression.ipynb"
  ],
  "notebook_sha256": {
    "/home/sca63/mips_reproduction/neural-verification/regression/linear_regression.ipynb": "16614a1ba059c03f3d7949b579e66942ff93061ac7171401225bdce885365f1d"
  },
  "dataset": "/home/sca63/mips_reproduction/neural-verification/tasks/rnn_identity_numerical/data.pt",
  "dataset_sha256": "a3b14532034eadd9a539cba1d9e9f94912664b3621202bc3a79bb7621264bd16",
  "hidden_dim": 1,
  "notebook_success_flag": 1,
  "published_program_sha256": "27d3f3cfee36b860ffd54918ae9e4aafae48ad9d92696a371f26a3936ec6083e",
  "generated_program_sha256": "27d3f3cfee36b860ffd54918ae9e4aafae48ad9d92696a371f26a3936ec6083e",
  "generated_matches_published_exactly": true,
  "train": {
    "sequences": 900000,
    "elements": 9000000,
    "correct_sequences": 900000,
    "correct_elements": 9000000,
    "sequence_accuracy": 1.0,
    "element_accuracy": 1.0,
    "max_abs_error": 0.0
  },
  "test": {
    "sequences": 100000,
    "elements": 1000000,
    "correct_sequences": 100000,
    "correct_elements": 1000000,
    "sequence_accuracy": 1.0,
    "element_accuracy": 1.0,
    "max_abs_error": 0.0
  },
  "elapsed_seconds_excluding_autoencoder": 1.5837405499769375,
  "environment": {
    "python": "3.10.19",
    "torch": "1.13.1+cu117",
    "numpy": "1.25.2",
    "platform": "Linux-6.8.0-137-generic-x86_64-with-glibc2.39"
  }
}
	Command being timed: "python scripts/reproduce_mips_subset.py --repo /home/sca63/mips_reproduction/neural-verification --task rnn_identity_numerical --method linear --output-dir analysis/mips_reproduction/identity"
	User time (seconds): 2.52
	System time (seconds): 1.67
	Percent of CPU this job got: 110%
	Elapsed (wall clock) time (h:mm:ss or m:ss): 0:03.80
	Average shared text size (kbytes): 0
	Average unshared data size (kbytes): 0
	Average stack size (kbytes): 0
	Average total size (kbytes): 0
	Maximum resident set size (kbytes): 407176
	Average resident set size (kbytes): 0
	Major (requiring I/O) page faults: 0
	Minor (reclaiming a frame) page faults: 99824
	Voluntary context switches: 4980
	Involuntary context switches: 1754
	Swaps: 0
	File system inputs: 8
	File system outputs: 24
	Socket messages sent: 0
	Socket messages received: 0
	Signals delivered: 0
	Page size (bytes): 4096
	Exit status: 0
