Loaded 0 existing results from GenerateFunctionData/results_pysr_function_sweep_1e6.jsonl. Current solve rate: 0/0 (0.00%).
Total combinations available: 10000. Ordering: scale -> template -> factory (factory changes fastest).
[1/10000] linear_2d_0_5_0_5_0_0_0 (factory=0, template=0, scale=0)
[2/10000] bilinear_0_5_0_0 (factory=1, template=0, scale=0)
[3/10000] sum_sq_0_5_0_0 (factory=2, template=0, scale=0)
[4/10000] diff_sq_0_5_0_0 (factory=3, template=0, scale=0)
[5/10000] sin_cos_0_5_0_0 (factory=4, template=0, scale=0)
[6/10000] distance_2d_0_5_0_0 (factory=5, template=0, scale=0)
  r2=0.992148 solved=0 cumulative_solve_rate=5/6 (83.33%) time=43.9s
[7/10000] exp_sum_0_5_0_0 (factory=6, template=0, scale=0)
[8/10000] tanh_sum_0_5_0_0 (factory=7, template=0, scale=0)
[9/10000] max_2d_0_5_0_0 (factory=8, template=0, scale=0)
[10/10000] min_2d_0_5_0_0 (factory=9, template=0, scale=0)
[11/10000] avg_2d_0_5_0_0 (factory=10, template=0, scale=0)
[12/10000] xy_plus_x_0_5_0_5_0_0 (factory=11, template=0, scale=0)
[13/10000] x_sq_y_0_5_0_0 (factory=12, template=0, scale=0)
[14/10000] sin_xy_0_5_0_0 (factory=13, template=0, scale=0)
[15/10000] cos_sum_0_5_0_0 (factory=14, template=0, scale=0)
[16/10000] log_sum_2d_0_5_0_5_0_0 (factory=15, template=0, scale=0)
  ERROR: ValueError: Failed to evaluate the expression. If you are using a custom operator, make sure to define it in `extra_sympy_mappings`, e.g., `model.set_params(extra_sympy_mappings={'inv': lambda x: 1/x})`, where `lambda x: 1/x` is a valid SymPy function defining the operator. You can then run `model.refresh()` to re-load the expressions.
[17/10000] manhattan_2d_0_5_0_0 (factory=16, template=0, scale=0)
[18/10000] chebyshev_2d_0_5_0_0 (factory=17, template=0, scale=0)
[19/10000] weighted_sum_2d_0_5_1_0_0 (factory=18, template=0, scale=0)
[20/10000] quadratic_2d_0_5_0_5_0_0_0 (factory=19, template=0, scale=0)
[21/10000] atan2_scaled_0_5_0_0 (factory=20, template=0, scale=0)
  ERROR: ValueError: Failed to evaluate the expression. If you are using a custom operator, make sure to define it in `extra_sympy_mappings`, e.g., `model.set_params(extra_sympy_mappings={'inv': lambda x: 1/x})`, where `lambda x: 1/x` is a valid SymPy function defining the operator. You can then run `model.refresh()` to re-load the expressions.
[22/10000] sigmoid_sum_0_5_0_0 (factory=21, template=0, scale=0)
  r2=1.000000 solved=0 cumulative_solve_rate=18/22 (81.82%) time=94.1s
[23/10000] exp_xy_0_5_0_0 (factory=22, template=0, scale=0)
[24/10000] pow_product_0_5_1_0_0 (factory=23, template=0, scale=0)
[25/10000] sqrt_sum_sq_0_5_0_0 (factory=24, template=0, scale=0)
  r2=0.996077 solved=0 cumulative_solve_rate=20/25 (80.00%) time=66.6s
[26/10000] reciprocal_sum_0_5_0_0 (factory=25, template=0, scale=0)
[27/10000] linear_frac_2d_0_5_0_5_0_25_0_0 (factory=26, template=0, scale=0)
  ERROR: ValueError: Failed to evaluate the expression. If you are using a custom operator, make sure to define it in `extra_sympy_mappings`, e.g., `model.set_params(extra_sympy_mappings={'inv': lambda x: 1/x})`, where `lambda x: 1/x` is a valid SymPy function defining the operator. You can then run `model.refresh()` to re-load the expressions.
[28/10000] tanh_xy_0_5_0_0 (factory=27, template=0, scale=0)
[29/10000] abs_diff_0_5_0_0 (factory=28, template=0, scale=0)
[30/10000] product_plus_0_5_0_0_0 (factory=29, template=0, scale=0)
[31/10000] linear_3d_0_5_0_5_0_5_0_0_0 (factory=30, template=0, scale=0)
[32/10000] sum_sq_3d_0_5_0_0 (factory=31, template=0, scale=0)
[33/10000] distance_3d_0_5_0_0 (factory=32, template=0, scale=0)
  r2=0.977374 solved=0 cumulative_solve_rate=26/33 (78.79%) time=70.8s
[34/10000] product_3d_0_5_0_0 (factory=33, template=0, scale=0)
[35/10000] exp_sum_3d_0_5_0_0 (factory=34, template=0, scale=0)
[36/10000] max_3d_0_5_0_0 (factory=35, template=0, scale=0)
[37/10000] min_3d_0_5_0_0 (factory=36, template=0, scale=0)
[38/10000] avg_3d_0_5_0_0 (factory=37, template=0, scale=0)
[39/10000] manhattan_3d_0_5_0_0 (factory=38, template=0, scale=0)
  r2=0.982840 solved=0 cumulative_solve_rate=31/39 (79.49%) time=87.3s
[40/10000] weighted_sum_3d_0_5_1_1_5_0_0 (factory=39, template=0, scale=0)
[41/10000] sin_xyz_0_5_0_0 (factory=40, template=0, scale=0)
[42/10000] tanh_sum_3d_0_5_0_0 (factory=41, template=0, scale=0)
[43/10000] quadratic_3d_0_5_0_5_0_5_0_0 (factory=42, template=0, scale=0)
  r2=1.000000 solved=0 cumulative_solve_rate=34/43 (79.07%) time=65.1s
[44/10000] bilinear_3d_0_5_0_5_0_0 (factory=43, template=0, scale=0)
[45/10000] cos_sum_3d_0_5_0_0 (factory=44, template=0, scale=0)
[46/10000] chebyshev_3d_0_5_0_0 (factory=45, template=0, scale=0)
[47/10000] linear_2d_b_1_0_0_5_0_0 (factory=46, template=0, scale=0)
[48/10000] weighted_sum_2d_b_1_1_5_0_0 (factory=47, template=0, scale=0)
[49/10000] quadratic_2d_b_1_0_0_5_0_0 (factory=48, template=0, scale=0)
[50/10000] linear_3d_b_0_0_5_0_5_0_0_0 (factory=49, template=0, scale=0)
[51/10000] linear_2d_1_neg0_5_0_5_1_0 (factory=0, template=1, scale=0)
[52/10000] bilinear_1_1_0 (factory=1, template=1, scale=0)
[53/10000] sum_sq_1_1_0 (factory=2, template=1, scale=0)
[54/10000] diff_sq_1_1_0 (factory=3, template=1, scale=0)
[55/10000] sin_cos_1_1_0 (factory=4, template=1, scale=0)
[56/10000] distance_2d_1_1_0 (factory=5, template=1, scale=0)
[57/10000] exp_sum_1_1_0 (factory=6, template=1, scale=0)
[58/10000] tanh_sum_1_1_0 (factory=7, template=1, scale=0)
[59/10000] max_2d_1_1_0 (factory=8, template=1, scale=0)
[60/10000] min_2d_1_1_0 (factory=9, template=1, scale=0)
[61/10000] avg_2d_1_1_0 (factory=10, template=1, scale=0)
[62/10000] xy_plus_x_0_5_1_1_0 (factory=11, template=1, scale=0)
[63/10000] x_sq_y_1_1_0 (factory=12, template=1, scale=0)
[64/10000] sin_xy_1_1_0 (factory=13, template=1, scale=0)
[65/10000] cos_sum_1_1_0 (factory=14, template=1, scale=0)
[66/10000] log_sum_2d_0_5_1_1_0 (factory=15, template=1, scale=0)
  ERROR: ValueError: Failed to evaluate the expression. If you are using a custom operator, make sure to define it in `extra_sympy_mappings`, e.g., `model.set_params(extra_sympy_mappings={'inv': lambda x: 1/x})`, where `lambda x: 1/x` is a valid SymPy function defining the operator. You can then run `model.refresh()` to re-load the expressions.
[67/10000] manhattan_2d_1_1_0 (factory=16, template=1, scale=0)
[68/10000] chebyshev_2d_1_1_0 (factory=17, template=1, scale=0)
[69/10000] weighted_sum_2d_1_0_5_1_0 (factory=18, template=1, scale=0)
[70/10000] quadratic_2d_1_neg0_5_0_5_1_0 (factory=19, template=1, scale=0)
[71/10000] atan2_scaled_1_1_0 (factory=20, template=1, scale=0)
  r2=0.996920 solved=0 cumulative_solve_rate=60/71 (84.51%) time=55.2s
[72/10000] sigmoid_sum_1_1_0 (factory=21, template=1, scale=0)
  r2=0.999979 solved=0 cumulative_solve_rate=60/72 (83.33%) time=69.8s
[73/10000] exp_xy_1_1_0 (factory=22, template=1, scale=0)
[74/10000] pow_product_0_5_1_5_1_0 (factory=23, template=1, scale=0)
  r2=1.000000 solved=0 cumulative_solve_rate=61/74 (82.43%) time=38.4s
[75/10000] sqrt_sum_sq_1_1_0 (factory=24, template=1, scale=0)
[76/10000] reciprocal_sum_1_1_0 (factory=25, template=1, scale=0)
[77/10000] linear_frac_2d_1_neg0_5_0_125_1_0 (factory=26, template=1, scale=0)
  r2=0.999989 solved=0 cumulative_solve_rate=63/77 (81.82%) time=32.2s
[78/10000] tanh_xy_1_1_0 (factory=27, template=1, scale=0)
[79/10000] abs_diff_1_1_0 (factory=28, template=1, scale=0)
[80/10000] product_plus_0_5_0_5_1_0 (factory=29, template=1, scale=0)
[81/10000] linear_3d_1_neg0_5_0_25_0_5_1_0 (factory=30, template=1, scale=0)
[82/10000] sum_sq_3d_1_1_0 (factory=31, template=1, scale=0)
[83/10000] distance_3d_1_1_0 (factory=32, template=1, scale=0)
[84/10000] product_3d_1_1_0 (factory=33, template=1, scale=0)
[85/10000] exp_sum_3d_1_1_0 (factory=34, template=1, scale=0)
[86/10000] max_3d_1_1_0 (factory=35, template=1, scale=0)
[87/10000] min_3d_1_1_0 (factory=36, template=1, scale=0)
[88/10000] avg_3d_1_1_0 (factory=37, template=1, scale=0)
[89/10000] manhattan_3d_1_1_0 (factory=38, template=1, scale=0)
[90/10000] weighted_sum_3d_1_0_5_0_5_1_0 (factory=39, template=1, scale=0)
[91/10000] sin_xyz_1_1_0 (factory=40, template=1, scale=0)
[92/10000] tanh_sum_3d_1_1_0 (factory=41, template=1, scale=0)
[93/10000] quadratic_3d_1_neg0_5_0_25_1_0 (factory=42, template=1, scale=0)
[94/10000] bilinear_3d_0_5_1_1_0 (factory=43, template=1, scale=0)
[95/10000] cos_sum_3d_1_1_0 (factory=44, template=1, scale=0)
[96/10000] chebyshev_3d_1_1_0 (factory=45, template=1, scale=0)
[97/10000] linear_2d_b_0_1_neg0_5_1_0 (factory=46, template=1, scale=0)
[98/10000] weighted_sum_2d_b_1_5_1_1_0 (factory=47, template=1, scale=0)
[99/10000] quadratic_2d_b_0_1_neg0_5_1_0 (factory=48, template=1, scale=0)
[100/10000] linear_3d_b_0_5_0_0_5_0_1_0 (factory=49, template=1, scale=0)
[101/10000] linear_2d_0_25_0_25_neg0_5_2_0 (factory=0, template=2, scale=0)
[102/10000] bilinear_0_25_2_0 (factory=1, template=2, scale=0)
[103/10000] sum_sq_0_25_2_0 (factory=2, template=2, scale=0)
[104/10000] diff_sq_0_25_2_0 (factory=3, template=2, scale=0)
[105/10000] sin_cos_0_25_2_0 (factory=4, template=2, scale=0)
[106/10000] distance_2d_0_25_2_0 (factory=5, template=2, scale=0)
  r2=0.995785 solved=0 cumulative_solve_rate=91/106 (85.85%) time=37.4s
[107/10000] exp_sum_0_25_2_0 (factory=6, template=2, scale=0)
  r2=1.000000 solved=0 cumulative_solve_rate=91/107 (85.05%) time=60.0s
[108/10000] tanh_sum_0_25_2_0 (factory=7, template=2, scale=0)
[109/10000] max_2d_0_25_2_0 (factory=8, template=2, scale=0)
[110/10000] min_2d_0_25_2_0 (factory=9, template=2, scale=0)
[111/10000] avg_2d_0_25_2_0 (factory=10, template=2, scale=0)
[112/10000] xy_plus_x_1_0_5_2_0 (factory=11, template=2, scale=0)
[113/10000] x_sq_y_0_25_2_0 (factory=12, template=2, scale=0)
[114/10000] sin_xy_0_25_2_0 (factory=13, template=2, scale=0)
[115/10000] cos_sum_0_25_2_0 (factory=14, template=2, scale=0)
[116/10000] log_sum_2d_1_0_5_2_0 (factory=15, template=2, scale=0)
  ERROR: ValueError: Failed to evaluate the expression. If you are using a custom operator, make sure to define it in `extra_sympy_mappings`, e.g., `model.set_params(extra_sympy_mappings={'inv': lambda x: 1/x})`, where `lambda x: 1/x` is a valid SymPy function defining the operator. You can then run `model.refresh()` to re-load the expressions.
[117/10000] manhattan_2d_0_25_2_0 (factory=16, template=2, scale=0)
  ERROR: ValueError: Failed to evaluate the expression. If you are using a custom operator, make sure to define it in `extra_sympy_mappings`, e.g., `model.set_params(extra_sympy_mappings={'inv': lambda x: 1/x})`, where `lambda x: 1/x` is a valid SymPy function defining the operator. You can then run `model.refresh()` to re-load the expressions.
[118/10000] chebyshev_2d_0_25_2_0 (factory=17, template=2, scale=0)
[119/10000] weighted_sum_2d_0_5_0_5_2_0 (factory=18, template=2, scale=0)
[120/10000] quadratic_2d_0_25_0_25_neg0_5_2_0 (factory=19, template=2, scale=0)
[121/10000] atan2_scaled_0_25_2_0 (factory=20, template=2, scale=0)
  ERROR: ValueError: Failed to evaluate the expression. If you are using a custom operator, make sure to define it in `extra_sympy_mappings`, e.g., `model.set_params(extra_sympy_mappings={'inv': lambda x: 1/x})`, where `lambda x: 1/x` is a valid SymPy function defining the operator. You can then run `model.refresh()` to re-load the expressions.
[122/10000] sigmoid_sum_0_25_2_0 (factory=21, template=2, scale=0)
  ERROR: ValueError: Failed to evaluate the expression. If you are using a custom operator, make sure to define it in `extra_sympy_mappings`, e.g., `model.set_params(extra_sympy_mappings={'inv': lambda x: 1/x})`, where `lambda x: 1/x` is a valid SymPy function defining the operator. You can then run `model.refresh()` to re-load the expressions.
[123/10000] exp_xy_0_25_2_0 (factory=22, template=2, scale=0)
  r2=1.000000 solved=0 cumulative_solve_rate=102/123 (82.93%) time=67.1s
[124/10000] pow_product_1_1_2_0 (factory=23, template=2, scale=0)
[125/10000] sqrt_sum_sq_0_25_2_0 (factory=24, template=2, scale=0)
  r2=0.998025 solved=0 cumulative_solve_rate=103/125 (82.40%) time=39.5s
[126/10000] reciprocal_sum_0_25_2_0 (factory=25, template=2, scale=0)
[127/10000] linear_frac_2d_0_25_0_25_0_05_2_0 (factory=26, template=2, scale=0)
  r2=1.000000 solved=0 cumulative_solve_rate=104/127 (81.89%) time=47.7s
[128/10000] tanh_xy_0_25_2_0 (factory=27, template=2, scale=0)
[129/10000] abs_diff_0_25_2_0 (factory=28, template=2, scale=0)
[130/10000] product_plus_1_0_2_0 (factory=29, template=2, scale=0)
[131/10000] linear_3d_0_25_0_25_0_25_neg0_5_2_0 (factory=30, template=2, scale=0)
[132/10000] sum_sq_3d_0_25_2_0 (factory=31, template=2, scale=0)
[133/10000] distance_3d_0_25_2_0 (factory=32, template=2, scale=0)
